[0.000000] (-) TimerEvent: {}
[0.000599] (hello) JobQueued: {'identifier': 'hello', 'dependencies': OrderedDict()}
[0.001112] (hello) JobStarted: {'identifier': 'hello'}
[0.015484] (hello) JobProgress: {'identifier': 'hello', 'progress': 'cmake'}
[0.016416] (hello) Command: {'cmd': ['/usr/bin/cmake', '/home/tmem-orin8/tlab_practice_pacage/hello', '-DCMAKE_INSTALL_PREFIX=/home/tmem-orin8/tlab_practice_pacage/hello/install/hello'], 'cwd': '/home/tmem-orin8/tlab_practice_pacage/hello/build/hello', 'env': OrderedDict([('LESSOPEN', '| /usr/bin/lesspipe %s'), ('USER', 'tmem-orin8'), ('LC_TIME', 'ja_JP.UTF-8'), ('XDG_SESSION_TYPE', 'x11'), ('SHLVL', '1'), ('LD_LIBRARY_PATH', '/opt/ros/humble/opt/rviz_ogre_vendor/lib:/opt/ros/humble/lib/aarch64-linux-gnu:/opt/ros/humble/lib'), ('HOME', '/home/tmem-orin8'), ('OLDPWD', '/home/tmem-orin8/tlab_practice_pacage'), ('DESKTOP_SESSION', 'ubuntu'), ('ROS_PYTHON_VERSION', '3'), ('GNOME_SHELL_SESSION_MODE', 'ubuntu'), ('GTK_MODULES', 'gail:atk-bridge'), ('LC_MONETARY', 'ja_JP.UTF-8'), ('SYSTEMD_EXEC_PID', '2206'), ('DBUS_SESSION_BUS_ADDRESS', 'unix:path=/run/user/1000/bus'), ('COLORTERM', 'truecolor'), ('IM_CONFIG_PHASE', '1'), ('ROS_DISTRO', 'humble'), ('GTK_IM_MODULE', 'ibus'), ('LOGNAME', 'tmem-orin8'), ('_', '/usr/bin/colcon'), ('ROS_VERSION', '2'), ('XDG_SESSION_CLASS', 'user'), ('USERNAME', 'tmem-orin8'), ('TERM', 'xterm-256color'), ('GNOME_DESKTOP_SESSION_ID', 'this-is-deprecated'), ('ROS_LOCALHOST_ONLY', '0'), ('WINDOWPATH', '2'), ('PATH', '/opt/ros/humble/bin:/usr/local/sbin:/usr/local/bin:/usr/sbin:/usr/bin:/sbin:/bin:/usr/games:/usr/local/games:/snap/bin:/snap/bin'), ('SESSION_MANAGER', 'local/tmemorin8:@/tmp/.ICE-unix/2183,unix/tmemorin8:/tmp/.ICE-unix/2183'), ('XDG_MENU_PREFIX', 'gnome-'), ('LC_ADDRESS', 'ja_JP.UTF-8'), ('GNOME_TERMINAL_SCREEN', '/org/gnome/Terminal/screen/87cf5fef_753d_42ef_afd1_9835627cbba0'), ('XDG_RUNTIME_DIR', '/run/user/1000'), ('DISPLAY', ':1'), ('LANG', 'en_US.UTF-8'), ('XDG_CURRENT_DESKTOP', 'ubuntu:GNOME'), ('LC_TELEPHONE', 'ja_JP.UTF-8'), ('XMODIFIERS', '@im=ibus'), ('XDG_SESSION_DESKTOP', 'ubuntu'), ('XAUTHORITY', '/run/user/1000/gdm/Xauthority'), ('LS_COLORS', 'rs=0:di=01;34:ln=01;36:mh=00:pi=40;33:so=01;35:do=01;35:bd=40;33;01:cd=40;33;01:or=40;31;01:mi=00:su=37;41:sg=30;43:ca=30;41:tw=30;42:ow=34;42:st=37;44:ex=01;32:*.tar=01;31:*.tgz=01;31:*.arc=01;31:*.arj=01;31:*.taz=01;31:*.lha=01;31:*.lz4=01;31:*.lzh=01;31:*.lzma=01;31:*.tlz=01;31:*.txz=01;31:*.tzo=01;31:*.t7z=01;31:*.zip=01;31:*.z=01;31:*.dz=01;31:*.gz=01;31:*.lrz=01;31:*.lz=01;31:*.lzo=01;31:*.xz=01;31:*.zst=01;31:*.tzst=01;31:*.bz2=01;31:*.bz=01;31:*.tbz=01;31:*.tbz2=01;31:*.tz=01;31:*.deb=01;31:*.rpm=01;31:*.jar=01;31:*.war=01;31:*.ear=01;31:*.sar=01;31:*.rar=01;31:*.alz=01;31:*.ace=01;31:*.zoo=01;31:*.cpio=01;31:*.7z=01;31:*.rz=01;31:*.cab=01;31:*.wim=01;31:*.swm=01;31:*.dwm=01;31:*.esd=01;31:*.jpg=01;35:*.jpeg=01;35:*.mjpg=01;35:*.mjpeg=01;35:*.gif=01;35:*.bmp=01;35:*.pbm=01;35:*.pgm=01;35:*.ppm=01;35:*.tga=01;35:*.xbm=01;35:*.xpm=01;35:*.tif=01;35:*.tiff=01;35:*.png=01;35:*.svg=01;35:*.svgz=01;35:*.mng=01;35:*.pcx=01;35:*.mov=01;35:*.mpg=01;35:*.mpeg=01;35:*.m2v=01;35:*.mkv=01;35:*.webm=01;35:*.webp=01;35:*.ogm=01;35:*.mp4=01;35:*.m4v=01;35:*.mp4v=01;35:*.vob=01;35:*.qt=01;35:*.nuv=01;35:*.wmv=01;35:*.asf=01;35:*.rm=01;35:*.rmvb=01;35:*.flc=01;35:*.avi=01;35:*.fli=01;35:*.flv=01;35:*.gl=01;35:*.dl=01;35:*.xcf=01;35:*.xwd=01;35:*.yuv=01;35:*.cgm=01;35:*.emf=01;35:*.ogv=01;35:*.ogx=01;35:*.aac=00;36:*.au=00;36:*.flac=00;36:*.m4a=00;36:*.mid=00;36:*.midi=00;36:*.mka=00;36:*.mp3=00;36:*.mpc=00;36:*.ogg=00;36:*.ra=00;36:*.wav=00;36:*.oga=00;36:*.opus=00;36:*.spx=00;36:*.xspf=00;36:'), ('GNOME_TERMINAL_SERVICE', ':1.99'), ('SSH_AGENT_LAUNCHER', 'gnome-keyring'), ('SSH_AUTH_SOCK', '/run/user/1000/keyring/ssh'), ('AMENT_PREFIX_PATH', '/opt/ros/humble'), ('SHELL', '/bin/bash'), ('LC_NAME', 'ja_JP.UTF-8'), ('QT_ACCESSIBILITY', '1'), ('GDMSESSION', 'ubuntu'), ('LESSCLOSE', '/usr/bin/lesspipe %s %s'), ('LC_MEASUREMENT', 'ja_JP.UTF-8'), ('GPG_AGENT_INFO', '/run/user/1000/gnupg/S.gpg-agent:0:1'), ('LC_IDENTIFICATION', 'ja_JP.UTF-8'), ('QT_IM_MODULE', 'ibus'), ('PWD', '/home/tmem-orin8/tlab_practice_pacage/hello/build/hello'), ('XDG_CONFIG_DIRS', '/etc/xdg/xdg-ubuntu:/etc/xdg'), ('XDG_DATA_DIRS', '/usr/share/ubuntu:/usr/share/gnome:/usr/local/share/:/usr/share/:/var/lib/snapd/desktop'), ('PYTHONPATH', '/opt/ros/humble/lib/python3.10/site-packages:/opt/ros/humble/local/lib/python3.10/dist-packages'), ('LC_NUMERIC', 'ja_JP.UTF-8'), ('LC_PAPER', 'ja_JP.UTF-8'), ('COLCON', '1'), ('VTE_VERSION', '6800')]), 'shell': False}
[0.042806] (hello) StdoutLine: {'line': b'-- Found ament_cmake: 1.3.11 (/opt/ros/humble/share/ament_cmake/cmake)\n'}
[0.099468] (-) TimerEvent: {}
[0.200093] (-) TimerEvent: {}
[0.300747] (-) TimerEvent: {}
[0.342799] (hello) StdoutLine: {'line': b'-- Found rclcpp: 16.0.12 (/opt/ros/humble/share/rclcpp/cmake)\n'}
[0.400924] (-) TimerEvent: {}
[0.411041] (hello) StdoutLine: {'line': b'-- Found rosidl_generator_c: 3.1.6 (/opt/ros/humble/share/rosidl_generator_c/cmake)\n'}
[0.415729] (hello) StdoutLine: {'line': b'-- Found rosidl_adapter: 3.1.6 (/opt/ros/humble/share/rosidl_adapter/cmake)\n'}
[0.426500] (hello) StdoutLine: {'line': b'-- Found rosidl_generator_cpp: 3.1.6 (/opt/ros/humble/share/rosidl_generator_cpp/cmake)\n'}
[0.444028] (hello) StdoutLine: {'line': b'-- Using all available rosidl_typesupport_c: rosidl_typesupport_fastrtps_c;rosidl_typesupport_introspection_c\n'}
[0.466502] (hello) StdoutLine: {'line': b'-- Using all available rosidl_typesupport_cpp: rosidl_typesupport_fastrtps_cpp;rosidl_typesupport_introspection_cpp\n'}
[0.501077] (-) TimerEvent: {}
[0.527944] (hello) StdoutLine: {'line': b'-- Found rmw_implementation_cmake: 6.1.2 (/opt/ros/humble/share/rmw_implementation_cmake/cmake)\n'}
[0.530355] (hello) StdoutLine: {'line': b'-- Found rmw_fastrtps_cpp: 6.2.7 (/opt/ros/humble/share/rmw_fastrtps_cpp/cmake)\n'}
[0.601212] (-) TimerEvent: {}
[0.701833] (-) TimerEvent: {}
[0.702400] (hello) StdoutLine: {'line': b"-- Using RMW implementation 'rmw_fastrtps_cpp' as default\n"}
[0.793010] (hello) StderrLine: {'line': b'\x1b[31mCMake Error at CMakeLists.txt:29 (install):\n'}
[0.793744] (hello) StderrLine: {'line': b'  install does not recognize sub-command TARGETShello\n'}
[0.794056] (hello) StderrLine: {'line': b'\n'}
[0.794327] (hello) StderrLine: {'line': b'\x1b[0m\n'}
[0.801931] (-) TimerEvent: {}
[0.902493] (-) TimerEvent: {}
[0.919457] (hello) StderrLine: {'line': b"Error parsing '/home/tmem-orin8/tlab_practice_pacage/hello/package.xml':\n"}
[1.002639] (-) TimerEvent: {}
[1.024460] (hello) StderrLine: {'line': b'Traceback (most recent call last):\n'}
[1.024949] (hello) StderrLine: {'line': b'  File "/usr/lib/python3/dist-packages/catkin_pkg/package.py", line 610, in parse_package_string\n'}
[1.025255] (hello) StderrLine: {'line': b'    root = dom.parseString(data)\n'}
[1.025436] (hello) StderrLine: {'line': b'  File "/usr/lib/python3.10/xml/dom/minidom.py", line 2000, in parseString\n'}
[1.025649] (hello) StderrLine: {'line': b'    return expatbuilder.parseString(string)\n'}
[1.025838] (hello) StderrLine: {'line': b'  File "/usr/lib/python3.10/xml/dom/expatbuilder.py", line 925, in parseString\n'}
[1.026135] (hello) StderrLine: {'line': b'    return builder.parseString(string)\n'}
[1.026471] (hello) StderrLine: {'line': b'  File "/usr/lib/python3.10/xml/dom/expatbuilder.py", line 223, in parseString\n'}
[1.026654] (hello) StderrLine: {'line': b'    parser.Parse(string, True)\n'}
[1.026880] (hello) StderrLine: {'line': b'xml.parsers.expat.ExpatError: mismatched tag: line 20, column 2\n'}
[1.027023] (hello) StderrLine: {'line': b'\n'}
[1.027153] (hello) StderrLine: {'line': b'During handling of the above exception, another exception occurred:\n'}
[1.027282] (hello) StderrLine: {'line': b'\n'}
[1.027405] (hello) StderrLine: {'line': b'Traceback (most recent call last):\n'}
[1.027533] (hello) StderrLine: {'line': b'  File "/opt/ros/humble/share/ament_cmake_core/cmake/core/package_xml_2_cmake.py", line 150, in <module>\n'}
[1.027656] (hello) StderrLine: {'line': b'    main()\n'}
[1.027777] (hello) StderrLine: {'line': b'  File "/opt/ros/humble/share/ament_cmake_core/cmake/core/package_xml_2_cmake.py", line 53, in main\n'}
[1.027931] (hello) StderrLine: {'line': b'    raise e\n'}
[1.028054] (hello) StderrLine: {'line': b'  File "/opt/ros/humble/share/ament_cmake_core/cmake/core/package_xml_2_cmake.py", line 49, in main\n'}
[1.028176] (hello) StderrLine: {'line': b'    package = parse_package_string(\n'}
[1.028293] (hello) StderrLine: {'line': b'  File "/usr/lib/python3/dist-packages/catkin_pkg/package.py", line 612, in parse_package_string\n'}
[1.028415] (hello) StderrLine: {'line': b"    raise InvalidPackage('The manifest contains invalid XML:\\n%s' % ex, filename)\n"}
[1.028535] (hello) StderrLine: {'line': b"catkin_pkg.package.InvalidPackage: Error(s) in package '/home/tmem-orin8/tlab_practice_pacage/hello/package.xml':\n"}
[1.028653] (hello) StderrLine: {'line': b'The manifest contains invalid XML:\n'}
[1.028807] (hello) StderrLine: {'line': b'mismatched tag: line 20, column 2\n'}
[1.068374] (hello) StderrLine: {'line': b'\x1b[31mCMake Error at /opt/ros/humble/share/ament_cmake_core/cmake/core/ament_package_xml.cmake:95 (message):\n'}
[1.069091] (hello) StderrLine: {'line': b'  execute_process(/usr/bin/python3\n'}
[1.069503] (hello) StderrLine: {'line': b'  /opt/ros/humble/share/ament_cmake_core/cmake/core/package_xml_2_cmake.py\n'}
[1.069786] (hello) StderrLine: {'line': b'  /home/tmem-orin8/tlab_practice_pacage/hello/package.xml\n'}
[1.070032] (hello) StderrLine: {'line': b'  /home/tmem-orin8/tlab_practice_pacage/hello/build/hello/ament_cmake_core/package.cmake)\n'}
[1.070267] (hello) StderrLine: {'line': b'  returned error code 1\n'}
[1.070488] (hello) StderrLine: {'line': b'Call Stack (most recent call first):\n'}
[1.070705] (hello) StderrLine: {'line': b'  /opt/ros/humble/share/ament_cmake_core/cmake/core/ament_package_xml.cmake:49 (_ament_package_xml)\n'}
[1.070937] (hello) StderrLine: {'line': b'  /opt/ros/humble/share/ament_cmake_core/cmake/core/ament_package.cmake:63 (ament_package_xml)\n'}
[1.071154] (hello) StderrLine: {'line': b'  CMakeLists.txt:33 (ament_package)\n'}
[1.071363] (hello) StderrLine: {'line': b'\n'}
[1.071576] (hello) StderrLine: {'line': b'\x1b[0m\n'}
[1.071783] (hello) StdoutLine: {'line': b'-- Configuring incomplete, errors occurred!\n'}
[1.072027] (hello) StdoutLine: {'line': b'See also "/home/tmem-orin8/tlab_practice_pacage/hello/build/hello/CMakeFiles/CMakeOutput.log".\n'}
[1.094294] (hello) CommandEnded: {'returncode': 1}
[1.096527] (hello) JobEnded: {'identifier': 'hello', 'rc': 1}
[1.102723] (-) TimerEvent: {}
[1.107730] (-) EventReactorShutdown: {}
