[0.017s] Invoking command in '/home/tmem-orin8/tlab_practice_pacage/hello/build/hello': /usr/bin/cmake /home/tmem-orin8/tlab_practice_pacage/hello -DCMAKE_INSTALL_PREFIX=/home/tmem-orin8/tlab_practice_pacage/hello/install/hello
[0.042s] -- Found ament_cmake: 1.3.11 (/opt/ros/humble/share/ament_cmake/cmake)
[0.342s] -- Found rclcpp: 16.0.12 (/opt/ros/humble/share/rclcpp/cmake)
[0.410s] -- Found rosidl_generator_c: 3.1.6 (/opt/ros/humble/share/rosidl_generator_c/cmake)
[0.415s] -- Found rosidl_adapter: 3.1.6 (/opt/ros/humble/share/rosidl_adapter/cmake)
[0.425s] -- Found rosidl_generator_cpp: 3.1.6 (/opt/ros/humble/share/rosidl_generator_cpp/cmake)
[0.443s] -- Using all available rosidl_typesupport_c: rosidl_typesupport_fastrtps_c;rosidl_typesupport_introspection_c
[0.465s] -- Using all available rosidl_typesupport_cpp: rosidl_typesupport_fastrtps_cpp;rosidl_typesupport_introspection_cpp
[0.527s] -- Found rmw_implementation_cmake: 6.1.2 (/opt/ros/humble/share/rmw_implementation_cmake/cmake)
[0.529s] -- Found rmw_fastrtps_cpp: 6.2.7 (/opt/ros/humble/share/rmw_fastrtps_cpp/cmake)
[0.701s] -- Using RMW implementation 'rmw_fastrtps_cpp' as default
[0.792s] [31mCMake Error at CMakeLists.txt:29 (install):
[0.793s]   install does not recognize sub-command TARGETShello
[0.793s] 
[0.793s] [0m
[0.918s] Error parsing '/home/tmem-orin8/tlab_practice_pacage/hello/package.xml':
[1.024s] Traceback (most recent call last):
[1.024s]   File "/usr/lib/python3/dist-packages/catkin_pkg/package.py", line 610, in parse_package_string
[1.024s]     root = dom.parseString(data)
[1.024s]   File "/usr/lib/python3.10/xml/dom/minidom.py", line 2000, in parseString
[1.024s]     return expatbuilder.parseString(string)
[1.025s]   File "/usr/lib/python3.10/xml/dom/expatbuilder.py", line 925, in parseString
[1.025s]     return builder.parseString(string)
[1.025s]   File "/usr/lib/python3.10/xml/dom/expatbuilder.py", line 223, in parseString
[1.026s]     parser.Parse(string, True)
[1.026s] xml.parsers.expat.ExpatError: mismatched tag: line 20, column 2
[1.026s] 
[1.026s] During handling of the above exception, another exception occurred:
[1.026s] 
[1.026s] Traceback (most recent call last):
[1.026s]   File "/opt/ros/humble/share/ament_cmake_core/cmake/core/package_xml_2_cmake.py", line 150, in <module>
[1.026s]     main()
[1.027s]   File "/opt/ros/humble/share/ament_cmake_core/cmake/core/package_xml_2_cmake.py", line 53, in main
[1.027s]     raise e
[1.027s]   File "/opt/ros/humble/share/ament_cmake_core/cmake/core/package_xml_2_cmake.py", line 49, in main
[1.027s]     package = parse_package_string(
[1.027s]   File "/usr/lib/python3/dist-packages/catkin_pkg/package.py", line 612, in parse_package_string
[1.027s]     raise InvalidPackage('The manifest contains invalid XML:\n%s' % ex, filename)
[1.027s] catkin_pkg.package.InvalidPackage: Error(s) in package '/home/tmem-orin8/tlab_practice_pacage/hello/package.xml':
[1.027s] The manifest contains invalid XML:
[1.028s] mismatched tag: line 20, column 2
[1.068s] [31mCMake Error at /opt/ros/humble/share/ament_cmake_core/cmake/core/ament_package_xml.cmake:95 (message):
[1.068s]   execute_process(/usr/bin/python3
[1.068s]   /opt/ros/humble/share/ament_cmake_core/cmake/core/package_xml_2_cmake.py
[1.069s]   /home/tmem-orin8/tlab_practice_pacage/hello/package.xml
[1.069s]   /home/tmem-orin8/tlab_practice_pacage/hello/build/hello/ament_cmake_core/package.cmake)
[1.069s]   returned error code 1
[1.069s] Call Stack (most recent call first):
[1.070s]   /opt/ros/humble/share/ament_cmake_core/cmake/core/ament_package_xml.cmake:49 (_ament_package_xml)
[1.070s]   /opt/ros/humble/share/ament_cmake_core/cmake/core/ament_package.cmake:63 (ament_package_xml)
[1.070s]   CMakeLists.txt:33 (ament_package)
[1.070s] 
[1.070s] [0m
[1.071s] -- Configuring incomplete, errors occurred!
[1.071s] See also "/home/tmem-orin8/tlab_practice_pacage/hello/build/hello/CMakeFiles/CMakeOutput.log".
[1.094s] Invoked command in '/home/tmem-orin8/tlab_practice_pacage/hello/build/hello' returned '1': /usr/bin/cmake /home/tmem-orin8/tlab_practice_pacage/hello -DCMAKE_INSTALL_PREFIX=/home/tmem-orin8/tlab_practice_pacage/hello/install/hello
